2025-04-14 16:10:05.666 [info] [main] Log level: Info
2025-04-14 16:10:05.666 [info] [main] Validating found git in: "git"
2025-04-14 16:10:05.666 [info] [main] Using git "2.43.0" from "git"
2025-04-14 16:10:05.666 [info] [Model][doInitialScan] Initial repository scan started
2025-04-14 16:10:05.666 [info] > git rev-parse --show-toplevel [287ms]
2025-04-14 16:10:05.666 [info] > git rev-parse --git-dir --git-common-dir [19ms]
2025-04-14 16:10:05.666 [info] [Model][openRepository] Opened repository: /home/pracker/code/dev-env
2025-04-14 16:10:05.780 [info] > git rev-parse --show-toplevel [104ms]
2025-04-14 16:10:05.781 [info] > git config --get commit.template [109ms]
2025-04-14 16:10:05.817 [info] > git rev-parse --show-toplevel [17ms]
2025-04-14 16:10:05.819 [info] [Model][doInitialScan] Initial repository scan completed - repositories (1), closed repositories (0), parent repositories (0), unsafe repositories (0)
2025-04-14 16:10:05.820 [info] > git for-each-ref --format=%(refname)%00%(upstream:short)%00%(objectname)%00%(upstream:track)%00%(upstream:remotename)%00%(upstream:remoteref) refs/heads/debian/systems refs/remotes/debian/systems [5ms]
2025-04-14 16:10:05.832 [info] > git status -z -uall [6ms]
2025-04-14 16:10:05.833 [info] > git for-each-ref --sort -committerdate --format %(refname) %(objectname) %(*objectname) [1ms]
2025-04-14 16:10:05.856 [info] > git for-each-ref --format=%(refname)%00%(upstream:short)%00%(objectname)%00%(upstream:track)%00%(upstream:remotename)%00%(upstream:remoteref) refs/heads/debian/systems refs/remotes/debian/systems [7ms]
2025-04-14 16:10:05.863 [info] > git config --get --local branch.debian/systems.vscode-merge-base [1ms]
2025-04-14 16:10:05.868 [info] > git config --get commit.template [12ms]
2025-04-14 16:10:05.892 [info] > git for-each-ref --format=%(refname)%00%(upstream:short)%00%(objectname)%00%(upstream:track)%00%(upstream:remotename)%00%(upstream:remoteref) refs/heads/origin/main refs/remotes/origin/main [24ms]
2025-04-14 16:10:05.905 [info] > git for-each-ref --format=%(refname)%00%(upstream:short)%00%(objectname)%00%(upstream:track)%00%(upstream:remotename)%00%(upstream:remoteref) refs/heads/debian/systems refs/remotes/debian/systems [16ms]
2025-04-14 16:10:05.918 [info] > git status -z -uall [6ms]
2025-04-14 16:10:05.919 [info] > git for-each-ref --sort -committerdate --format %(refname) %(objectname) %(*objectname) [2ms]
2025-04-14 16:10:06.307 [info] > git check-ignore -v -z --stdin [1ms]
2025-04-14 16:10:09.068 [info] > git config --get commit.template [59ms]
2025-04-14 16:10:09.103 [info] > git for-each-ref --format=%(refname)%00%(upstream:short)%00%(objectname)%00%(upstream:track)%00%(upstream:remotename)%00%(upstream:remoteref) refs/heads/debian/systems refs/remotes/debian/systems [8ms]
2025-04-14 16:10:09.180 [info] > git status -z -uall [35ms]
2025-04-14 16:10:09.183 [info] > git for-each-ref --sort -committerdate --format %(refname) %(objectname) %(*objectname) [30ms]
2025-04-14 16:11:30.380 [info] > git config --get commit.template [9ms]
2025-04-14 16:11:30.380 [info] > git for-each-ref --format=%(refname)%00%(upstream:short)%00%(objectname)%00%(upstream:track)%00%(upstream:remotename)%00%(upstream:remoteref) refs/heads/debian/systems refs/remotes/debian/systems [1ms]
2025-04-14 16:11:30.394 [info] > git status -z -uall [7ms]
2025-04-14 16:11:30.395 [info] > git for-each-ref --sort -committerdate --format %(refname) %(objectname) %(*objectname) [1ms]
