Initializing document watcher...
Document watcher initialized
/home/pracker/.config/Windsurf/User/settings.json: {"tabSize":2}
/home/pracker/.config/Windsurf/User/settings.json: {"tabSize":2}
/home/pracker/.config/Windsurf/User/settings.json: Using EditorConfig core...
/home/pracker/.config/Windsurf/User/settings.json: Using EditorConfig core...
/home/pracker/.config/Windsurf/User/settings.json: Using EditorConfig core...
/home/pracker/.config/Windsurf/User/settings.json: Using EditorConfig core...
/home/pracker/.config/Windsurf/User/settings.json: Using EditorConfig core...
InputOutput/main.go: {"tabSize":2}
InputOutput/main.go: {"tabSize":2}
InputOutput/main.go: Using EditorConfig core...
InputOutput/main.go: Using EditorConfig core...
InputOutput/main.go: Using EditorConfig core...
InputOutput/main.go: Using EditorConfig core...
InputOutput/main.go: Using EditorConfig core...
InputOutput/main.go: Using EditorConfig core...
InputOutput/main.go: Using EditorConfig core...
InputOutput/main.go: {"tabSize":2}
InputOutput/main.go: Using EditorConfig core...
InputOutput/main.go: Using EditorConfig core...
/home/pracker/.config/Windsurf/User/settings.json: {"tabSize":2}
/home/pracker/.config/Windsurf/User/settings.json: Using EditorConfig core...
/home/pracker/.config/Windsurf/User/settings.json: Using EditorConfig core...
InputOutput/main.go: {"tabSize":2}
/home/pracker/.config/Windsurf/User/settings.json: {"tabSize":2}
/home/pracker/.config/Windsurf/User/settings.json: Using EditorConfig core...
/home/pracker/.config/Windsurf/User/settings.json: Using EditorConfig core...
/home/pracker/.config/Windsurf/User/settings.json: Using EditorConfig core...
/home/pracker/.config/Windsurf/User/settings.json: Using EditorConfig core...
InputOutput/main.go: {"tabSize":2}
InputOutput/main.go: {"tabSize":2}
InputOutput/main.go: {"tabSize":2}
InputOutput/data/collections.go: {"tabSize":2}
InputOutput/data/constants.go: {"tabSize":2}
InputOutput/data/collections.go: {"tabSize":2}
/home/pracker/.config/Windsurf/User/keybindings.json: {"tabSize":2}
/home/pracker/.config/Windsurf/User/keybindings.json: Using EditorConfig core...
/home/pracker/.config/Windsurf/User/keybindings.json: Using EditorConfig core...
/home/pracker/.config/Windsurf/User/keybindings.json: Using EditorConfig core...
/home/pracker/.config/Windsurf/User/keybindings.json: Using EditorConfig core...
/home/pracker/.config/Windsurf/User/keybindings.json: {"tabSize":2}
/home/pracker/.config/Windsurf/User/keybindings.json: {"tabSize":2}
/keybindings.json: {"tabSize":2}
/keybindings.json: {"tabSize":2}
/keybindings.json: {"tabSize":2}
/keybindings.json: {"tabSize":2}
/keybindings.json: {"tabSize":2}
/keybindings.json: {"tabSize":2}
/keybindings.json: {"tabSize":2}
/keybindings.json: {"tabSize":2}
/keybindings.json: {"tabSize":2}
/keybindings.json: {"tabSize":2}
/keybindings.json: {"tabSize":2}
/keybindings.json: {"tabSize":2}
/home/pracker/.config/Windsurf/User/keybindings.json: {"tabSize":2}
/home/pracker/.config/Windsurf/User/keybindings.json: Using EditorConfig core...
/home/pracker/.config/Windsurf/User/keybindings.json: Using EditorConfig core...
/home/pracker/.config/Windsurf/User/keybindings.json: Using EditorConfig core...
/home/pracker/.config/Windsurf/User/keybindings.json: Using EditorConfig core...
/home/pracker/.config/Windsurf/User/keybindings.json: Using EditorConfig core...
/home/pracker/.config/Windsurf/User/keybindings.json: Using EditorConfig core...
/home/pracker/.config/Windsurf/User/keybindings.json: Using EditorConfig core...
/home/pracker/.config/Windsurf/User/keybindings.json: Using EditorConfig core...
/keybindings.json: {"tabSize":2}
/home/pracker/.config/Windsurf/User/keybindings.json: {"tabSize":2}
/home/pracker/.config/Windsurf/User/keybindings.json: Using EditorConfig core...
/home/pracker/.config/Windsurf/User/keybindings.json: Using EditorConfig core...
/keybindings.json: {"tabSize":2}
/home/pracker/.config/Windsurf/User/keybindings.json: {"tabSize":2}
/home/pracker/.config/Windsurf/User/keybindings.json: Using EditorConfig core...
/home/pracker/.config/Windsurf/User/keybindings.json: Using EditorConfig core...
/keybindings.json: {"tabSize":2}
/home/pracker/.config/Windsurf/User/keybindings.json: {"tabSize":2}
/home/pracker/.config/Windsurf/User/keybindings.json: Using EditorConfig core...
/home/pracker/.config/Windsurf/User/keybindings.json: Using EditorConfig core...
/home/pracker/.config/Windsurf/User/keybindings.json: Using EditorConfig core...
/home/pracker/.config/Windsurf/User/keybindings.json: Using EditorConfig core...
/home/pracker/.config/Windsurf/User/keybindings.json: Using EditorConfig core...
/home/pracker/.config/Windsurf/User/keybindings.json: Using EditorConfig core...
/keybindings.json: {"tabSize":2}
/home/pracker/.config/Windsurf/User/keybindings.json: {"tabSize":2}
/home/pracker/.config/Windsurf/User/keybindings.json: Using EditorConfig core...
/home/pracker/.config/Windsurf/User/keybindings.json: Using EditorConfig core...
/home/pracker/.config/Windsurf/User/keybindings.json: Using EditorConfig core...
/keybindings.json: {"tabSize":2}
/home/pracker/.config/Windsurf/User/keybindings.json: {"tabSize":2}
/home/pracker/.config/Windsurf/User/keybindings.json: Using EditorConfig core...
/home/pracker/.config/Windsurf/User/keybindings.json: Using EditorConfig core...
/home/pracker/.config/Windsurf/User/keybindings.json: Using EditorConfig core...
/home/pracker/.config/Windsurf/User/keybindings.json: Using EditorConfig core...
/home/pracker/.config/Windsurf/User/keybindings.json: Using EditorConfig core...
/keybindings.json: {"tabSize":2}
/home/pracker/.config/Windsurf/User/keybindings.json: {"tabSize":2}
/keybindings.json: {"tabSize":2}
/home/pracker/.config/Windsurf/User/keybindings.json: {"tabSize":2}
/home/pracker/.config/Windsurf/User/keybindings.json: Using EditorConfig core...
/home/pracker/.config/Windsurf/User/keybindings.json: Using EditorConfig core...
/home/pracker/.config/Windsurf/User/keybindings.json: Using EditorConfig core...
/home/pracker/.config/Windsurf/User/keybindings.json: Using EditorConfig core...
