2025-04-15 12:11:52.840 [info] git rev-parse --absolute-git-dir
2025-04-15 12:11:52.850 [info] git rev-parse --absolute-git-dir
2025-04-15 12:11:52.860 [error] Error: Command failed: git rev-parse --absolute-git-dir
fatal: not a git repository (or any of the parent directories): .git

    at genericNodeError (node:internal/errors:984:15)
    at wrappedFn (node:internal/errors:538:14)
    at ChildProcess.exithandler (node:child_process:422:12)
    at ChildProcess.emit (node:events:518:28)
    at ChildProcess.emit (node:domain:489:12)
    at maybeClose (node:internal/child_process:1104:16)
    at Socket.<anonymous> (node:internal/child_process:456:11)
    at Socket.emit (node:events:518:28)
    at Socket.emit (node:domain:489:12)
    at Pipe.<anonymous> (node:net:343:12)
2025-04-15 12:11:52.863 [error] Error: Command failed: git rev-parse --absolute-git-dir
fatal: not a git repository (or any of the parent directories): .git

    at genericNodeError (node:internal/errors:984:15)
    at wrappedFn (node:internal/errors:538:14)
    at ChildProcess.exithandler (node:child_process:422:12)
    at ChildProcess.emit (node:events:518:28)
    at ChildProcess.emit (node:domain:489:12)
    at maybeClose (node:internal/child_process:1104:16)
    at Socket.<anonymous> (node:internal/child_process:456:11)
    at Socket.emit (node:events:518:28)
    at Socket.emit (node:domain:489:12)
    at Pipe.<anonymous> (node:net:343:12)
2025-04-15 12:11:52.863 [info] Will not blame '/home/pracker/code/Fem_Go/go-fundamentals/InputOutput/main.go'. Not in a git repository.
2025-04-15 12:18:40.062 [info] git rev-parse --absolute-git-dir
2025-04-15 12:18:40.072 [info] git rev-parse --absolute-git-dir
2025-04-15 12:18:40.081 [error] Error: Command failed: git rev-parse --absolute-git-dir
fatal: not a git repository (or any of the parent directories): .git

    at genericNodeError (node:internal/errors:984:15)
    at wrappedFn (node:internal/errors:538:14)
    at ChildProcess.exithandler (node:child_process:422:12)
    at ChildProcess.emit (node:events:518:28)
    at ChildProcess.emit (node:domain:489:12)
    at maybeClose (node:internal/child_process:1104:16)
    at Socket.<anonymous> (node:internal/child_process:456:11)
    at Socket.emit (node:events:518:28)
    at Socket.emit (node:domain:489:12)
    at Pipe.<anonymous> (node:net:343:12)
2025-04-15 12:18:40.092 [error] Error: Command failed: git rev-parse --absolute-git-dir
fatal: not a git repository (or any of the parent directories): .git

    at genericNodeError (node:internal/errors:984:15)
    at wrappedFn (node:internal/errors:538:14)
    at ChildProcess.exithandler (node:child_process:422:12)
    at ChildProcess.emit (node:events:518:28)
    at ChildProcess.emit (node:domain:489:12)
    at maybeClose (node:internal/child_process:1104:16)
    at Socket.<anonymous> (node:internal/child_process:456:11)
    at Socket.emit (node:events:518:28)
    at Socket.emit (node:domain:489:12)
    at Pipe.<anonymous> (node:net:343:12)
2025-04-15 12:18:40.092 [info] Will not blame '/home/pracker/code/Fem_Go/go-fundamentals/InputOutput/data/collections.go'. Not in a git repository.
2025-04-15 12:18:43.557 [info] git rev-parse --absolute-git-dir
2025-04-15 12:18:43.565 [info] git rev-parse --absolute-git-dir
2025-04-15 12:18:43.573 [error] Error: Command failed: git rev-parse --absolute-git-dir
fatal: not a git repository (or any of the parent directories): .git

    at genericNodeError (node:internal/errors:984:15)
    at wrappedFn (node:internal/errors:538:14)
    at ChildProcess.exithandler (node:child_process:422:12)
    at ChildProcess.emit (node:events:518:28)
    at ChildProcess.emit (node:domain:489:12)
    at maybeClose (node:internal/child_process:1104:16)
    at Socket.<anonymous> (node:internal/child_process:456:11)
    at Socket.emit (node:events:518:28)
    at Socket.emit (node:domain:489:12)
    at Pipe.<anonymous> (node:net:343:12)
2025-04-15 12:18:43.582 [error] Error: Command failed: git rev-parse --absolute-git-dir
fatal: not a git repository (or any of the parent directories): .git

    at genericNodeError (node:internal/errors:984:15)
    at wrappedFn (node:internal/errors:538:14)
    at ChildProcess.exithandler (node:child_process:422:12)
    at ChildProcess.emit (node:events:518:28)
    at ChildProcess.emit (node:domain:489:12)
    at maybeClose (node:internal/child_process:1104:16)
    at Socket.<anonymous> (node:internal/child_process:456:11)
    at Socket.emit (node:events:518:28)
    at Socket.emit (node:domain:489:12)
    at Pipe.<anonymous> (node:net:343:12)
2025-04-15 12:18:43.582 [info] Will not blame '/home/pracker/code/Fem_Go/go-fundamentals/InputOutput/data/constants.go'. Not in a git repository.
2025-04-15 12:18:45.217 [info] git rev-parse --absolute-git-dir
2025-04-15 12:18:45.228 [error] Error: Command failed: git rev-parse --absolute-git-dir
fatal: not a git repository (or any of the parent directories): .git

    at genericNodeError (node:internal/errors:984:15)
    at wrappedFn (node:internal/errors:538:14)
    at ChildProcess.exithandler (node:child_process:422:12)
    at ChildProcess.emit (node:events:518:28)
    at ChildProcess.emit (node:domain:489:12)
    at maybeClose (node:internal/child_process:1104:16)
    at Socket.<anonymous> (node:internal/child_process:456:11)
    at Socket.emit (node:events:518:28)
    at Socket.emit (node:domain:489:12)
    at Pipe.<anonymous> (node:net:343:12)
2025-04-15 12:18:45.228 [info] Will not blame '/home/pracker/code/Fem_Go/go-fundamentals/InputOutput/data/collections.go'. Not in a git repository.
