2025-04-15 12:06:18.282 [info] [2025-04-15 10:06:18.208] [         48ms] [/home/pracker/code/Fem_Go/go-fundamentals/InputOutput] git rev-parse --show-toplevel • FAILED
2025-04-15 12:06:18.283 [info] 
Error: Command failed: /usr/bin/git -c core.quotepath=false -c color.ui=false rev-parse --show-toplevel
fatal: not a git repository (or any of the parent directories): .git


2025-04-15 12:09:41.691 [info] [2025-04-15 10:09:41.676] [         68ms] [/home/pracker/code/Fem_Go/go-fundamentals/InputOutput] git rev-parse --show-toplevel • FAILED
2025-04-15 12:09:41.691 [info] 
Error: Command failed: /usr/bin/git -c core.quotepath=false -c color.ui=false rev-parse --show-toplevel
fatal: not a git repository (or any of the parent directories): .git


2025-04-15 12:11:52.940 [info] [2025-04-15 10:11:52.940] [         72ms] [/home/pracker/code/Fem_Go/go-fundamentals/InputOutput] git rev-parse --show-toplevel • FAILED
2025-04-15 12:11:52.940 [info] 
Error: Command failed: /usr/bin/git -c core.quotepath=false -c color.ui=false rev-parse --show-toplevel
fatal: not a git repository (or any of the parent directories): .git


2025-04-15 12:18:40.093 [info] [2025-04-15 10:18:40.093] [         10ms] [/home/pracker/code/Fem_Go/go-fundamentals/InputOutput/data] git rev-parse --show-toplevel • FAILED
2025-04-15 12:18:40.093 [info] 
Error: Command failed: /usr/bin/git -c core.quotepath=false -c color.ui=false rev-parse --show-toplevel
fatal: not a git repository (or any of the parent directories): .git


2025-04-15 12:18:43.584 [info] [2025-04-15 10:18:43.584] [          9ms] [/home/pracker/code/Fem_Go/go-fundamentals/InputOutput/data] git rev-parse --show-toplevel • FAILED
2025-04-15 12:18:43.584 [info] 
Error: Command failed: /usr/bin/git -c core.quotepath=false -c color.ui=false rev-parse --show-toplevel
fatal: not a git repository (or any of the parent directories): .git


2025-04-15 12:35:45.992 [info] [2025-04-15 10:35:45.922] [         84ms] [/home/pracker/code/Fem_Go/go-fundamentals/InputOutput] git rev-parse --show-toplevel • FAILED
2025-04-15 12:35:45.992 [info] 
Error: Command failed: /usr/bin/git -c core.quotepath=false -c color.ui=false rev-parse --show-toplevel
fatal: not a git repository (or any of the parent directories): .git


2025-04-15 12:35:46.001 [info] [2025-04-15 10:35:46.001] [          8ms] [/home/pracker/code/Fem_Go/go-fundamentals/InputOutput] git rev-parse --show-toplevel • FAILED
2025-04-15 12:35:46.001 [info] 
Error: Command failed: /usr/bin/git -c core.quotepath=false -c color.ui=false rev-parse --show-toplevel
fatal: not a git repository (or any of the parent directories): .git


