2025-04-15 12:11:53.246 [info] Try to start language server - activation (enabled: true)
2025-04-15 12:11:53.356 [info] Running language server gopls(v0.18.1/go1.23.8)
2025-04-15 12:12:01.876 [info] Running checks...
2025-04-15 12:12:01.876 [info] Starting linting the current package at /home/pracker/code/Fem_Go/go-fundamentals/InputOutput
2025-04-15 12:12:02.763 [info] /home/pracker/code/Fem_Go/go-fundamentals/InputOutput>Finished running tool: /home/pracker/go/bin/staticcheck
2025-04-15 12:12:02.763 [info] /home/pracker/code/Fem_Go/go-fundamentals/InputOutput/main.go:14:8 const maxspeed is unused (U1000)
2025-04-15 12:12:02.763 [info] 
2025-04-15 12:12:02.978 [info] Running checks...
2025-04-15 12:12:02.978 [info] Starting linting the current package at /home/pracker/code/Fem_Go/go-fundamentals/InputOutput
2025-04-15 12:12:03.064 [info] /home/pracker/code/Fem_Go/go-fundamentals/InputOutput>Finished running tool: /home/pracker/go/bin/staticcheck
2025-04-15 12:12:03.064 [info] /home/pracker/code/Fem_Go/go-fundamentals/InputOutput/main.go:14:8 const maxspeed is unused (U1000)
2025-04-15 12:12:03.064 [info] 
2025-04-15 12:12:14.048 [info] Running checks...
2025-04-15 12:12:14.048 [info] Starting linting the current package at /home/pracker/code/Fem_Go/go-fundamentals/InputOutput
2025-04-15 12:12:14.140 [info] /home/pracker/code/Fem_Go/go-fundamentals/InputOutput>Finished running tool: /home/pracker/go/bin/staticcheck
2025-04-15 12:12:14.140 [info] 
2025-04-15 12:12:14.217 [info] Running checks...
2025-04-15 12:12:14.217 [info] Starting linting the current package at /home/pracker/code/Fem_Go/go-fundamentals/InputOutput
2025-04-15 12:12:14.299 [info] /home/pracker/code/Fem_Go/go-fundamentals/InputOutput>Finished running tool: /home/pracker/go/bin/staticcheck
2025-04-15 12:12:14.299 [info] 
2025-04-15 12:12:15.053 [info] Running checks...
2025-04-15 12:12:15.053 [info] Starting linting the current package at /home/pracker/code/Fem_Go/go-fundamentals/InputOutput
2025-04-15 12:12:15.133 [info] /home/pracker/code/Fem_Go/go-fundamentals/InputOutput>Finished running tool: /home/pracker/go/bin/staticcheck
2025-04-15 12:12:15.133 [info] 
2025-04-15 12:12:15.191 [info] Running checks...
2025-04-15 12:12:15.191 [info] Starting linting the current package at /home/pracker/code/Fem_Go/go-fundamentals/InputOutput
2025-04-15 12:12:15.272 [info] /home/pracker/code/Fem_Go/go-fundamentals/InputOutput>Finished running tool: /home/pracker/go/bin/staticcheck
2025-04-15 12:12:15.272 [info] 
2025-04-15 12:12:15.323 [info] Running checks...
2025-04-15 12:12:15.323 [info] Starting linting the current package at /home/pracker/code/Fem_Go/go-fundamentals/InputOutput
2025-04-15 12:12:15.401 [info] /home/pracker/code/Fem_Go/go-fundamentals/InputOutput>Finished running tool: /home/pracker/go/bin/staticcheck
2025-04-15 12:12:15.401 [info] 
2025-04-15 12:13:37.029 [info] Running checks...
2025-04-15 12:13:37.029 [info] Starting linting the current package at /home/pracker/code/Fem_Go/go-fundamentals/InputOutput
2025-04-15 12:13:37.118 [info] /home/pracker/code/Fem_Go/go-fundamentals/InputOutput>Finished running tool: /home/pracker/go/bin/staticcheck
2025-04-15 12:13:37.118 [info] 
2025-04-15 12:13:37.624 [info] Running checks...
2025-04-15 12:13:37.624 [info] Starting linting the current package at /home/pracker/code/Fem_Go/go-fundamentals/InputOutput
2025-04-15 12:13:37.706 [info] /home/pracker/code/Fem_Go/go-fundamentals/InputOutput>Finished running tool: /home/pracker/go/bin/staticcheck
2025-04-15 12:13:37.706 [info] 
2025-04-15 12:35:46.014 [info] Try to start language server - activation (enabled: true)
2025-04-15 12:35:46.125 [info] Running language server gopls(v0.18.1/go1.23.8)
