2025-04-14 16:10:04.116 [info] Added views:windsurf.cascadePanel in windsurf.cascadeViewContainerId
2025-04-14 16:10:04.116 [info] Added views:outline in workbench.view.explorer
2025-04-14 16:10:04.116 [info] Added views:workbench.view.search in workbench.view.search
2025-04-14 16:10:04.116 [info] Added views:workbench.scm in workbench.view.scm
2025-04-14 16:10:04.116 [info] Added views:workbench.panel.markers.view in workbench.panel.markers
2025-04-14 16:10:04.116 [info] Added views:workbench.panel.output in workbench.panel.output
2025-04-14 16:10:04.116 [info] Added views:terminal in terminal
2025-04-14 16:10:04.116 [info] Added views:timeline in workbench.view.explorer
2025-04-14 16:10:04.116 [info] Added views:workbench.explorer.fileView in workbench.view.explorer
2025-04-14 16:10:04.564 [info] Added views:windsurfDevContainers in workbench.view.remote
2025-04-14 16:10:04.564 [info] Added views:windsurfSSHHosts in workbench.view.remote
2025-04-14 16:10:04.564 [info] Added views:gitlens.views.scm.grouped in workbench.view.scm
2025-04-14 16:10:04.565 [info] Added views:gitlens.views.commitDetails,gitlens.views.lineHistory,gitlens.views.fileHistory,gitlens.views.searchAndCompare in workbench.view.extension.gitlensInspect
2025-04-14 16:10:04.565 [info] Added views:gitlens.views.home,gitlens.views.launchpad,gitlens.views.workspaces in workbench.view.extension.gitlens
2025-04-14 16:10:04.565 [info] Added views:todo-tree-view in workbench.view.extension.todo-tree-container
2025-04-14 16:10:04.764 [info] Added views:workbench.debug.welcome in workbench.view.debug
2025-04-14 16:10:04.800 [info] Added views:workbench.panel.repl.view in workbench.panel.repl
2025-04-14 16:10:04.905 [info] Added views:~remote.forwardedPorts in ~remote.forwardedPortsContainer
2025-04-14 16:10:05.654 [info] Added views:workbench.scm.history in workbench.view.scm
2025-04-14 16:10:08.868 [info] Added views:angular-schematics in workbench.view.extension.angular
2025-04-14 16:10:09.090 [info] Added views:gitlens.views.drafts in workbench.view.extension.gitlens
2025-04-14 16:10:09.658 [info] Added views:gitlens.views.graph,gitlens.views.graphDetails in workbench.view.extension.gitlensPanel
2025-04-14 16:10:09.658 [info] Added views:gitlens.views.timeline in workbench.view.extension.gitlensInspect
2025-04-14 16:11:31.743 [info] Removed views:workbench.scm.history from workbench.view.scm
