2025-04-15 12:02:56.351 [info] Extension host with pid 18964 started
2025-04-15 12:02:56.351 [info] Skipping acquiring lock for /home/pracker/.config/Windsurf/User/workspaceStorage/0a17a77af1608f8d947f5ac4fff2bbfa.
2025-04-15 12:02:56.721 [info] ExtensionService#_doActivateExtension vscode.git-base, startup: false, activationEvent: '*', root cause: vscode.git
2025-04-15 12:02:56.725 [info] ExtensionService#_doActivateExtension ms-vscode.test-adapter-converter, startup: false, activationEvent: '*', root cause: hbenl.vscode-test-explorer
2025-04-15 12:02:56.791 [info] ExtensionService#_doActivateExtension vscode.git, startup: false, activationEvent: '*'
2025-04-15 12:02:56.867 [info] ExtensionService#_doActivateExtension vscode.github, startup: false, activationEvent: '*'
2025-04-15 12:02:56.889 [info] ExtensionService#_doActivateExtension hbenl.vscode-test-explorer, startup: false, activationEvent: '*'
2025-04-15 12:02:56.977 [info] ExtensionService#_doActivateExtension codeium.windsurf, startup: false, activationEvent: '*'
2025-04-15 12:02:57.345 [info] ExtensionService#_doActivateExtension vscode.emmet, startup: false, activationEvent: 'onLanguage'
2025-04-15 12:02:57.462 [info] ExtensionService#_doActivateExtension vscode.github-authentication, startup: false, activationEvent: 'onAuthenticationRequest:github'
2025-04-15 12:02:58.294 [info] ExtensionService#_doActivateExtension aaron-bond.better-comments, startup: false, activationEvent: 'onStartupFinished'
2025-04-15 12:02:58.301 [info] ExtensionService#_doActivateExtension bierner.emojisense, startup: false, activationEvent: 'onStartupFinished'
2025-04-15 12:02:58.310 [info] ExtensionService#_doActivateExtension bradlc.vscode-tailwindcss, startup: false, activationEvent: 'onStartupFinished'
2025-04-15 12:02:58.350 [info] ExtensionService#_doActivateExtension cyrilletuzi.angular-schematics, startup: false, activationEvent: 'onStartupFinished'
2025-04-15 12:02:58.764 [info] ExtensionService#_doActivateExtension dbaeumer.vscode-eslint, startup: false, activationEvent: 'onStartupFinished'
2025-04-15 12:02:58.796 [info] ExtensionService#_doActivateExtension ecmel.vscode-html-css, startup: false, activationEvent: 'onStartupFinished'
2025-04-15 12:02:58.797 [info] ExtensionService#_doActivateExtension Gruntfuggly.todo-tree, startup: false, activationEvent: 'onStartupFinished'
2025-04-15 12:02:58.819 [info] ExtensionService#_doActivateExtension johnpapa.vscode-peacock, startup: false, activationEvent: '*'
2025-04-15 12:02:58.825 [info] ExtensionService#_doActivateExtension kisstkondoros.vscode-gutter-preview, startup: false, activationEvent: 'onStartupFinished'
2025-04-15 12:02:58.857 [info] ExtensionService#_doActivateExtension mhutchie.git-graph, startup: false, activationEvent: '*'
2025-04-15 12:02:58.879 [info] ExtensionService#_doActivateExtension shardulm94.trailing-spaces, startup: false, activationEvent: 'onStartupFinished'
2025-04-15 12:02:58.893 [info] ExtensionService#_doActivateExtension SonarSource.sonarlint-vscode, startup: false, activationEvent: 'onStartupFinished'
2025-04-15 12:02:59.163 [info] ExtensionService#_doActivateExtension subframe7536.custom-ui-style, startup: false, activationEvent: 'onStartupFinished'
2025-04-15 12:02:59.173 [info] ExtensionService#_doActivateExtension usernamehw.errorlens, startup: false, activationEvent: 'onStartupFinished'
2025-04-15 12:02:59.178 [info] ExtensionService#_doActivateExtension waderyan.gitblame, startup: false, activationEvent: 'onStartupFinished'
2025-04-15 12:02:59.183 [info] ExtensionService#_doActivateExtension wayou.vscode-todo-highlight, startup: false, activationEvent: '*'
2025-04-15 12:02:59.184 [info] ExtensionService#_doActivateExtension Zignd.html-css-class-completion, startup: false, activationEvent: '*'
2025-04-15 12:02:59.254 [info] ExtensionService#_doActivateExtension yzhang.markdown-all-in-one, startup: false, activationEvent: 'workspaceContains:README.md'
2025-04-15 12:02:59.426 [info] ExtensionService#_doActivateExtension vscode.markdown-math, startup: false, activationEvent: 'api', root cause: yzhang.markdown-all-in-one
2025-04-15 12:02:59.549 [error] Activating extension SonarSource.sonarlint-vscode failed due to an error:
2025-04-15 12:02:59.549 [error] {"message":"The Java Runtime Environment can not be located. Please install a JRE, or configure its path with the\n      sonarlint.ls.javaHome property. You can also let SonarQube for VS Code download the JRE from AdoptOpenJDK. This JRE will be\n      used only by SonarQube for VS Code.","label":"Let SonarQube for VS Code download the JRE","command":"SonarLint.InstallManagedJre"}
2025-04-15 12:03:00.939 [info] Eager extensions activated
2025-04-15 12:03:00.994 [info] ExtensionService#_doActivateExtension vscode.debug-auto-launch, startup: false, activationEvent: 'onStartupFinished'
2025-04-15 12:03:00.996 [info] ExtensionService#_doActivateExtension vscode.merge-conflict, startup: false, activationEvent: 'onStartupFinished'
2025-04-15 12:03:01.012 [info] ExtensionService#_doActivateExtension Codeium.windsurf-dev-containers, startup: false, activationEvent: 'onStartupFinished'
2025-04-15 12:03:01.017 [info] ExtensionService#_doActivateExtension dsznajder.es7-react-js-snippets, startup: false, activationEvent: 'onStartupFinished'
2025-04-15 12:03:01.492 [info] ExtensionService#_doActivateExtension eamodio.gitlens, startup: false, activationEvent: 'onStartupFinished'
2025-04-15 12:03:01.628 [info] ExtensionService#_doActivateExtension EditorConfig.EditorConfig, startup: false, activationEvent: 'onStartupFinished'
2025-04-15 12:03:01.663 [info] ExtensionService#_doActivateExtension esbenp.prettier-vscode, startup: false, activationEvent: 'onStartupFinished'
2025-04-15 12:03:01.727 [info] ExtensionService#_doActivateExtension PKief.material-icon-theme, startup: false, activationEvent: 'onStartupFinished'
2025-04-15 12:03:01.738 [info] ExtensionService#_doActivateExtension vscode-icons-team.vscode-icons, startup: false, activationEvent: 'onStartupFinished'
2025-04-15 12:03:01.766 [info] ExtensionService#_doActivateExtension zhuangtongfa.material-theme, startup: false, activationEvent: 'onStartupFinished'
2025-04-15 12:03:01.802 [info] Extension host terminating: renderer closed the MessagePort
2025-04-15 12:03:01.815 [error] An error occurred when disposing the subscriptions for extension 'Gruntfuggly.todo-tree':
2025-04-15 12:03:01.816 [error] AggregateError: Encountered errors while disposing of store
    at Cs (file:///usr/share/windsurf/resources/app/out/vs/workbench/api/node/extensionHostProcess.js:25:777)
    at file:///usr/share/windsurf/resources/app/out/vs/workbench/api/node/extensionHostProcess.js:117:15142
    at file:///usr/share/windsurf/resources/app/out/vs/workbench/api/node/extensionHostProcess.js:25:1011
    at Object.dispose (file:///usr/share/windsurf/resources/app/out/vs/workbench/api/node/extensionHostProcess.js:8:705)
    at dK.eb (file:///usr/share/windsurf/resources/app/out/vs/workbench/api/node/extensionHostProcess.js:117:12069)
    at file:///usr/share/windsurf/resources/app/out/vs/workbench/api/node/extensionHostProcess.js:117:10024
    at Array.map (<anonymous>)
    at dK.$ (file:///usr/share/windsurf/resources/app/out/vs/workbench/api/node/extensionHostProcess.js:117:10012)
    at dK.terminate (file:///usr/share/windsurf/resources/app/out/vs/workbench/api/node/extensionHostProcess.js:117:10255)
    at C7.terminate (file:///usr/share/windsurf/resources/app/out/vs/workbench/api/node/extensionHostProcess.js:118:1434)
    at vn (file:///usr/share/windsurf/resources/app/out/vs/workbench/api/node/extensionHostProcess.js:191:15116)
    at MessagePortMain.<anonymous> (file:///usr/share/windsurf/resources/app/out/vs/workbench/api/node/extensionHostProcess.js:191:11656)
    at MessagePortMain.emit (node:events:518:28)
    at MessagePortMain.emit (node:domain:489:12)
    at Object.MessagePortMain._internalPort.emit (node:electron/js2c/utility_init:2:2949)
2025-04-15 12:03:01.826 [error] Canceled: Canceled
    at new TF (file:///usr/share/windsurf/resources/app/out/vs/workbench/api/node/extensionHostProcess.js:29:111806)
    at Jy.U (file:///usr/share/windsurf/resources/app/out/vs/workbench/api/node/extensionHostProcess.js:29:116417)
    at Proxy.n.<computed>.r.charCodeAt.n.<computed> (file:///usr/share/windsurf/resources/app/out/vs/workbench/api/node/extensionHostProcess.js:29:113911)
    at GS.g (file:///usr/share/windsurf/resources/app/out/vs/workbench/api/node/extensionHostProcess.js:112:32228)
    at GS.executeCommand (file:///usr/share/windsurf/resources/app/out/vs/workbench/api/node/extensionHostProcess.js:112:31732)
    at i.registerCommand.description (file:///usr/share/windsurf/resources/app/out/vs/workbench/api/node/extensionHostProcess.js:112:31062)
    at GS.h (file:///usr/share/windsurf/resources/app/out/vs/workbench/api/node/extensionHostProcess.js:112:32748)
    at GS.g (file:///usr/share/windsurf/resources/app/out/vs/workbench/api/node/extensionHostProcess.js:112:31825)
    at GS.executeCommand (file:///usr/share/windsurf/resources/app/out/vs/workbench/api/node/extensionHostProcess.js:112:31732)
    at Object.executeCommand (file:///usr/share/windsurf/resources/app/out/vs/workbench/api/node/extensionHostProcess.js:173:46382)
    at Up.L [as value] (/usr/share/windsurf/resources/app/extensions/git/dist/main.js:2:1000015)
    at C.B (file:///usr/share/windsurf/resources/app/out/vs/workbench/api/node/extensionHostProcess.js:27:2375)
    at C (file:///usr/share/windsurf/resources/app/out/vs/workbench/api/node/extensionHostProcess.js:27:2445)
    at C.fire (file:///usr/share/windsurf/resources/app/out/vs/workbench/api/node/extensionHostProcess.js:27:2662)
    at Object.p [as dispose] (/usr/share/windsurf/resources/app/extensions/git/dist/main.js:2:1022655)
    at /usr/share/windsurf/resources/app/extensions/git/dist/main.js:2:1029034
    at Array.forEach (<anonymous>)
    at b.dispose (/usr/share/windsurf/resources/app/extensions/git/dist/main.js:2:1029020)
    at x_.<anonymous> (file:///usr/share/windsurf/resources/app/out/vs/workbench/api/node/extensionHostProcess.js:106:20087)
    at x_.dispose (file:///usr/share/windsurf/resources/app/out/vs/workbench/api/node/extensionHostProcess.js:106:20183)
    at x_.<anonymous> (/usr/share/windsurf/resources/app/extensions/git/dist/main.js:2:1002499)
    at x_.dispose (file:///usr/share/windsurf/resources/app/out/vs/workbench/api/node/extensionHostProcess.js:106:20183)
    at Cs (file:///usr/share/windsurf/resources/app/out/vs/workbench/api/node/extensionHostProcess.js:25:701)
    at file:///usr/share/windsurf/resources/app/out/vs/workbench/api/node/extensionHostProcess.js:117:15142
    at file:///usr/share/windsurf/resources/app/out/vs/workbench/api/node/extensionHostProcess.js:25:1011
    at Object.dispose (file:///usr/share/windsurf/resources/app/out/vs/workbench/api/node/extensionHostProcess.js:8:705)
    at dK.eb (file:///usr/share/windsurf/resources/app/out/vs/workbench/api/node/extensionHostProcess.js:117:12069)
    at file:///usr/share/windsurf/resources/app/out/vs/workbench/api/node/extensionHostProcess.js:117:10024
    at Array.map (<anonymous>)
    at dK.$ (file:///usr/share/windsurf/resources/app/out/vs/workbench/api/node/extensionHostProcess.js:117:10012)
    at dK.terminate (file:///usr/share/windsurf/resources/app/out/vs/workbench/api/node/extensionHostProcess.js:117:10255)
    at C7.terminate (file:///usr/share/windsurf/resources/app/out/vs/workbench/api/node/extensionHostProcess.js:118:1434)
    at vn (file:///usr/share/windsurf/resources/app/out/vs/workbench/api/node/extensionHostProcess.js:191:15116)
    at MessagePortMain.<anonymous> (file:///usr/share/windsurf/resources/app/out/vs/workbench/api/node/extensionHostProcess.js:191:11656)
    at MessagePortMain.emit (node:events:518:28)
    at MessagePortMain.emit (node:domain:489:12)
    at Object.MessagePortMain._internalPort.emit (node:electron/js2c/utility_init:2:2949) setContext undefined
2025-04-15 12:03:01.828 [error] Canceled: Canceled
    at new TF (file:///usr/share/windsurf/resources/app/out/vs/workbench/api/node/extensionHostProcess.js:29:111806)
    at Jy.U (file:///usr/share/windsurf/resources/app/out/vs/workbench/api/node/extensionHostProcess.js:29:116417)
    at Proxy.n.<computed>.r.charCodeAt.n.<computed> (file:///usr/share/windsurf/resources/app/out/vs/workbench/api/node/extensionHostProcess.js:29:113911)
    at GS.g (file:///usr/share/windsurf/resources/app/out/vs/workbench/api/node/extensionHostProcess.js:112:32228)
    at GS.executeCommand (file:///usr/share/windsurf/resources/app/out/vs/workbench/api/node/extensionHostProcess.js:112:31732)
    at i.registerCommand.description (file:///usr/share/windsurf/resources/app/out/vs/workbench/api/node/extensionHostProcess.js:112:31062)
    at GS.h (file:///usr/share/windsurf/resources/app/out/vs/workbench/api/node/extensionHostProcess.js:112:32748)
    at GS.g (file:///usr/share/windsurf/resources/app/out/vs/workbench/api/node/extensionHostProcess.js:112:31825)
    at GS.executeCommand (file:///usr/share/windsurf/resources/app/out/vs/workbench/api/node/extensionHostProcess.js:112:31732)
    at Object.executeCommand (file:///usr/share/windsurf/resources/app/out/vs/workbench/api/node/extensionHostProcess.js:173:46382)
    at a.VscodeDevShareProvider.set hasGitHubRepositories [as hasGitHubRepositories] (/usr/share/windsurf/resources/app/extensions/github/dist/extension.js:2:344166)
    at /usr/share/windsurf/resources/app/extensions/github/dist/extension.js:2:345125
    at Up.value (/usr/share/windsurf/resources/app/extensions/git/dist/main.js:2:1120522)
    at C.B (file:///usr/share/windsurf/resources/app/out/vs/workbench/api/node/extensionHostProcess.js:27:2375)
    at C (file:///usr/share/windsurf/resources/app/out/vs/workbench/api/node/extensionHostProcess.js:27:2445)
    at C.fire (file:///usr/share/windsurf/resources/app/out/vs/workbench/api/node/extensionHostProcess.js:27:2662)
    at Object.p [as dispose] (/usr/share/windsurf/resources/app/extensions/git/dist/main.js:2:1022655)
    at /usr/share/windsurf/resources/app/extensions/git/dist/main.js:2:1029034
    at Array.forEach (<anonymous>)
    at b.dispose (/usr/share/windsurf/resources/app/extensions/git/dist/main.js:2:1029020)
    at x_.<anonymous> (file:///usr/share/windsurf/resources/app/out/vs/workbench/api/node/extensionHostProcess.js:106:20087)
    at x_.dispose (file:///usr/share/windsurf/resources/app/out/vs/workbench/api/node/extensionHostProcess.js:106:20183)
    at x_.<anonymous> (/usr/share/windsurf/resources/app/extensions/git/dist/main.js:2:1002499)
    at x_.dispose (file:///usr/share/windsurf/resources/app/out/vs/workbench/api/node/extensionHostProcess.js:106:20183)
    at Cs (file:///usr/share/windsurf/resources/app/out/vs/workbench/api/node/extensionHostProcess.js:25:701)
    at file:///usr/share/windsurf/resources/app/out/vs/workbench/api/node/extensionHostProcess.js:117:15142
    at file:///usr/share/windsurf/resources/app/out/vs/workbench/api/node/extensionHostProcess.js:25:1011
    at Object.dispose (file:///usr/share/windsurf/resources/app/out/vs/workbench/api/node/extensionHostProcess.js:8:705)
    at dK.eb (file:///usr/share/windsurf/resources/app/out/vs/workbench/api/node/extensionHostProcess.js:117:12069)
    at file:///usr/share/windsurf/resources/app/out/vs/workbench/api/node/extensionHostProcess.js:117:10024
    at Array.map (<anonymous>)
    at dK.$ (file:///usr/share/windsurf/resources/app/out/vs/workbench/api/node/extensionHostProcess.js:117:10012)
    at dK.terminate (file:///usr/share/windsurf/resources/app/out/vs/workbench/api/node/extensionHostProcess.js:117:10255)
    at C7.terminate (file:///usr/share/windsurf/resources/app/out/vs/workbench/api/node/extensionHostProcess.js:118:1434)
    at vn (file:///usr/share/windsurf/resources/app/out/vs/workbench/api/node/extensionHostProcess.js:191:15116)
    at MessagePortMain.<anonymous> (file:///usr/share/windsurf/resources/app/out/vs/workbench/api/node/extensionHostProcess.js:191:11656)
    at MessagePortMain.emit (node:events:518:28)
    at MessagePortMain.emit (node:domain:489:12)
    at Object.MessagePortMain._internalPort.emit (node:electron/js2c/utility_init:2:2949) setContext undefined
2025-04-15 12:03:01.829 [error] Canceled: Canceled
    at new TF (file:///usr/share/windsurf/resources/app/out/vs/workbench/api/node/extensionHostProcess.js:29:111806)
    at Jy.U (file:///usr/share/windsurf/resources/app/out/vs/workbench/api/node/extensionHostProcess.js:29:116417)
    at Proxy.n.<computed>.r.charCodeAt.n.<computed> (file:///usr/share/windsurf/resources/app/out/vs/workbench/api/node/extensionHostProcess.js:29:113911)
    at GS.g (file:///usr/share/windsurf/resources/app/out/vs/workbench/api/node/extensionHostProcess.js:112:32228)
    at GS.executeCommand (file:///usr/share/windsurf/resources/app/out/vs/workbench/api/node/extensionHostProcess.js:112:31732)
    at i.registerCommand.description (file:///usr/share/windsurf/resources/app/out/vs/workbench/api/node/extensionHostProcess.js:112:31062)
    at GS.h (file:///usr/share/windsurf/resources/app/out/vs/workbench/api/node/extensionHostProcess.js:112:32748)
    at GS.g (file:///usr/share/windsurf/resources/app/out/vs/workbench/api/node/extensionHostProcess.js:112:31825)
    at GS.executeCommand (file:///usr/share/windsurf/resources/app/out/vs/workbench/api/node/extensionHostProcess.js:112:31732)
    at Object.executeCommand (file:///usr/share/windsurf/resources/app/out/vs/workbench/api/node/extensionHostProcess.js:173:46382)
    at B.dispose (/home/pracker/.windsurf/extensions/ms-vscode.test-adapter-converter-0.2.1-universal/out/extension.js:9:458)
    at Cs (file:///usr/share/windsurf/resources/app/out/vs/workbench/api/node/extensionHostProcess.js:25:701)
    at file:///usr/share/windsurf/resources/app/out/vs/workbench/api/node/extensionHostProcess.js:117:15142
    at file:///usr/share/windsurf/resources/app/out/vs/workbench/api/node/extensionHostProcess.js:25:1011
    at Object.dispose (file:///usr/share/windsurf/resources/app/out/vs/workbench/api/node/extensionHostProcess.js:8:705)
    at dK.eb (file:///usr/share/windsurf/resources/app/out/vs/workbench/api/node/extensionHostProcess.js:117:12069)
    at file:///usr/share/windsurf/resources/app/out/vs/workbench/api/node/extensionHostProcess.js:117:10024
    at Array.map (<anonymous>)
    at dK.$ (file:///usr/share/windsurf/resources/app/out/vs/workbench/api/node/extensionHostProcess.js:117:10012)
    at dK.terminate (file:///usr/share/windsurf/resources/app/out/vs/workbench/api/node/extensionHostProcess.js:117:10255)
    at C7.terminate (file:///usr/share/windsurf/resources/app/out/vs/workbench/api/node/extensionHostProcess.js:118:1434)
    at vn (file:///usr/share/windsurf/resources/app/out/vs/workbench/api/node/extensionHostProcess.js:191:15116)
    at MessagePortMain.<anonymous> (file:///usr/share/windsurf/resources/app/out/vs/workbench/api/node/extensionHostProcess.js:191:11656)
    at MessagePortMain.emit (node:events:518:28)
    at MessagePortMain.emit (node:domain:489:12)
    at Object.MessagePortMain._internalPort.emit (node:electron/js2c/utility_init:2:2949) setContext undefined
2025-04-15 12:03:01.838 [info] Extension host with pid 18964 exiting with code 0
