Initializing document watcher...
Document watcher initialized
/defaultSettings.json: {"tabSize":2}
/home/pracker/.config/Windsurf/User/settings.json: {"tabSize":2}
/home/pracker/.config/Windsurf/User/settings.json: Using EditorConfig core...
/home/pracker/.config/Windsurf/User/settings.json: Using EditorConfig core...
/home/pracker/.config/Windsurf/User/settings.json: Using EditorConfig core...
/home/pracker/.config/Windsurf/User/settings.json: Using EditorConfig core...
/home/pracker/.config/Windsurf/User/settings.json: Using EditorConfig core...
/home/pracker/.config/Windsurf/User/settings.json: Using EditorConfig core...
/home/pracker/.config/Windsurf/User/settings.json: Using EditorConfig core...
/home/pracker/.config/Windsurf/User/settings.json: Using EditorConfig core...
/home/pracker/.config/Windsurf/User/settings.json: Using EditorConfig core...
/home/pracker/.config/Windsurf/User/settings.json: Using EditorConfig core...
/home/pracker/.config/Windsurf/User/settings.json: Using EditorConfig core...
/home/pracker/.config/Windsurf/User/settings.json: Using EditorConfig core...
/home/pracker/.config/Windsurf/User/settings.json: Using EditorConfig core...
/home/pracker/.config/Windsurf/User/settings.json: Using EditorConfig core...
/home/pracker/.config/Windsurf/User/settings.json: Using EditorConfig core...
/home/pracker/.config/Windsurf/User/settings.json: Using EditorConfig core...
/home/pracker/.config/Windsurf/User/settings.json: Using EditorConfig core...
/home/pracker/.config/Windsurf/User/settings.json: Using EditorConfig core...
/home/pracker/.config/Windsurf/User/settings.json: Using EditorConfig core...
/home/pracker/.config/Windsurf/User/settings.json: Using EditorConfig core...
