2025-04-15 12:06:13.688 [info] Added views:windsurf.cascadePanel in windsurf.cascadeViewContainerId
2025-04-15 12:06:13.688 [info] Added views:outline in workbench.view.explorer
2025-04-15 12:06:13.688 [info] Added views:workbench.view.search in workbench.view.search
2025-04-15 12:06:13.688 [info] Added views:workbench.scm in workbench.view.scm
2025-04-15 12:06:13.688 [info] Added views:workbench.panel.markers.view in workbench.panel.markers
2025-04-15 12:06:13.688 [info] Added views:workbench.panel.output in workbench.panel.output
2025-04-15 12:06:13.688 [info] Added views:terminal in terminal
2025-04-15 12:06:13.688 [info] Added views:timeline in workbench.view.explorer
2025-04-15 12:06:13.688 [info] Added views:workbench.explorer.fileView in workbench.view.explorer
2025-04-15 12:06:14.302 [info] Added views:windsurfDevContainers in workbench.view.remote
2025-04-15 12:06:14.302 [info] Added views:windsurfSSHHosts in workbench.view.remote
2025-04-15 12:06:14.303 [info] Added views:gitlens.views.scm.grouped in workbench.view.scm
2025-04-15 12:06:14.303 [info] Added views:gitlens.views.commitDetails,gitlens.views.lineHistory,gitlens.views.fileHistory,gitlens.views.searchAndCompare in workbench.view.extension.gitlensInspect
2025-04-15 12:06:14.304 [info] Added views:gitlens.views.home,gitlens.views.launchpad,gitlens.views.workspaces in workbench.view.extension.gitlens
2025-04-15 12:06:14.304 [info] Added views:todo-tree-view in workbench.view.extension.todo-tree-container
2025-04-15 12:06:14.585 [info] Added views:workbench.debug.welcome in workbench.view.debug
2025-04-15 12:06:14.614 [info] Added views:workbench.panel.repl.view in workbench.panel.repl
2025-04-15 12:06:14.734 [info] Added views:~remote.forwardedPorts in ~remote.forwardedPortsContainer
2025-04-15 12:06:18.006 [info] Added views:angular-schematics in workbench.view.extension.angular
2025-04-15 12:06:18.010 [info] Removed views:gitlens.views.searchAndCompare,gitlens.views.fileHistory,gitlens.views.lineHistory,gitlens.views.commitDetails from workbench.view.extension.gitlensInspect
2025-04-15 12:06:18.011 [info] Removed views:gitlens.views.scm.grouped from workbench.view.scm
2025-04-15 12:06:18.073 [info] Added views:gitlens.views.drafts in workbench.view.extension.gitlens
2025-04-15 12:09:36.519 [info] Added views:windsurf.cascadePanel in windsurf.cascadeViewContainerId
2025-04-15 12:09:36.519 [info] Added views:outline in workbench.view.explorer
2025-04-15 12:09:36.519 [info] Added views:workbench.view.search in workbench.view.search
2025-04-15 12:09:36.519 [info] Added views:workbench.scm in workbench.view.scm
2025-04-15 12:09:36.519 [info] Added views:workbench.panel.markers.view in workbench.panel.markers
2025-04-15 12:09:36.519 [info] Added views:workbench.panel.output in workbench.panel.output
2025-04-15 12:09:36.519 [info] Added views:terminal in terminal
2025-04-15 12:09:36.519 [info] Added views:timeline in workbench.view.explorer
2025-04-15 12:09:36.519 [info] Added views:workbench.explorer.fileView in workbench.view.explorer
2025-04-15 12:09:36.699 [info] Added views:workbench.debug.welcome in workbench.view.debug
2025-04-15 12:09:37.162 [info] Added views:windsurfDevContainers in workbench.view.remote
2025-04-15 12:09:37.162 [info] Added views:windsurfSSHHosts in workbench.view.remote
2025-04-15 12:09:37.162 [info] Added views:gitlens.views.scm.grouped in workbench.view.scm
2025-04-15 12:09:37.163 [info] Added views:gitlens.views.commitDetails,gitlens.views.lineHistory,gitlens.views.fileHistory,gitlens.views.searchAndCompare in workbench.view.extension.gitlensInspect
2025-04-15 12:09:37.163 [info] Added views:gitlens.views.home,gitlens.views.launchpad,gitlens.views.workspaces in workbench.view.extension.gitlens
2025-04-15 12:09:37.164 [info] Added views:todo-tree-view in workbench.view.extension.todo-tree-container
2025-04-15 12:09:37.414 [info] Added views:workbench.panel.repl.view in workbench.panel.repl
2025-04-15 12:09:37.621 [info] Added views:~remote.forwardedPorts in ~remote.forwardedPortsContainer
2025-04-15 12:09:41.435 [info] Added views:angular-schematics in workbench.view.extension.angular
2025-04-15 12:09:41.441 [info] Removed views:gitlens.views.searchAndCompare,gitlens.views.fileHistory,gitlens.views.lineHistory,gitlens.views.commitDetails from workbench.view.extension.gitlensInspect
2025-04-15 12:09:41.442 [info] Removed views:gitlens.views.scm.grouped from workbench.view.scm
2025-04-15 12:09:41.517 [info] Added views:gitlens.views.drafts in workbench.view.extension.gitlens
2025-04-15 12:11:53.368 [info] Added views:workbench.view.testing in workbench.view.extension.test
2025-04-15 12:11:53.376 [info] Added views:go.explorer in workbench.view.explorer
2025-04-15 12:11:55.009 [info] Added views:go.package.outline in workbench.view.explorer
2025-04-15 12:35:39.515 [info] Removed views:workbench.view.testing from workbench.view.extension.test
2025-04-15 12:35:40.031 [info] Added views:windsurf.cascadePanel in windsurf.cascadeViewContainerId
2025-04-15 12:35:40.031 [info] Added views:outline in workbench.view.explorer
2025-04-15 12:35:40.031 [info] Added views:workbench.view.search in workbench.view.search
2025-04-15 12:35:40.031 [info] Added views:workbench.scm in workbench.view.scm
2025-04-15 12:35:40.031 [info] Added views:workbench.panel.markers.view in workbench.panel.markers
2025-04-15 12:35:40.031 [info] Added views:workbench.panel.output in workbench.panel.output
2025-04-15 12:35:40.031 [info] Added views:terminal in terminal
2025-04-15 12:35:40.031 [info] Added views:timeline in workbench.view.explorer
2025-04-15 12:35:40.031 [info] Added views:workbench.explorer.fileView in workbench.view.explorer
2025-04-15 12:35:40.191 [info] Added views:workbench.debug.welcome in workbench.view.debug
2025-04-15 12:35:40.712 [info] Added views:windsurfDevContainers in workbench.view.remote
2025-04-15 12:35:40.712 [info] Added views:windsurfSSHHosts in workbench.view.remote
2025-04-15 12:35:40.712 [info] Added views:gitlens.views.scm.grouped in workbench.view.scm
2025-04-15 12:35:40.713 [info] Added views:gitlens.views.commitDetails,gitlens.views.lineHistory,gitlens.views.fileHistory,gitlens.views.searchAndCompare in workbench.view.extension.gitlensInspect
2025-04-15 12:35:40.713 [info] Added views:gitlens.views.home,gitlens.views.launchpad,gitlens.views.workspaces in workbench.view.extension.gitlens
2025-04-15 12:35:40.714 [info] Added views:todo-tree-view in workbench.view.extension.todo-tree-container
2025-04-15 12:35:40.940 [info] Added views:workbench.panel.repl.view in workbench.panel.repl
2025-04-15 12:35:41.153 [info] Added views:~remote.forwardedPorts in ~remote.forwardedPortsContainer
2025-04-15 12:35:45.671 [info] Added views:angular-schematics in workbench.view.extension.angular
2025-04-15 12:35:45.673 [info] Removed views:gitlens.views.searchAndCompare,gitlens.views.fileHistory,gitlens.views.lineHistory,gitlens.views.commitDetails from workbench.view.extension.gitlensInspect
2025-04-15 12:35:45.675 [info] Removed views:gitlens.views.scm.grouped from workbench.view.scm
2025-04-15 12:35:45.739 [info] Added views:gitlens.views.drafts in workbench.view.extension.gitlens
2025-04-15 12:35:46.135 [info] Added views:workbench.view.testing in workbench.view.extension.test
2025-04-15 12:35:46.142 [info] Added views:go.explorer in workbench.view.explorer
