2025-04-15 12:07:07.796 [error] [activate] Code lenses are disabled. This extension won't work unless you enable 'editor.codeLens' in your vscode settings
2025-04-15 12:07:07.799 [info] [activate] extension path: /home/pracker/.windsurf/extensions/pflannery.vscode-versionlens-1.16.6-universal
2025-04-15 12:07:07.799 [info] [activate] resource folder path: /home/pracker/.config/Windsurf/User/workspaceStorage/74e21c1aaa1a986dcc077b1065da9304
2025-04-15 12:07:07.799 [info] [activate] workspace mode: true
2025-04-15 12:07:07.799 [info] [activate] version: 1.16.6
2025-04-15 12:07:07.799 [info] [activate] log level: info
2025-04-15 12:07:07.799 [info] [activate] log folder: /home/pracker/.config/Windsurf/logs/20250415T120613/window1/exthost
2025-04-15 12:09:37.873 [error] [activate] Code lenses are disabled. This extension won't work unless you enable 'editor.codeLens' in your vscode settings
2025-04-15 12:09:37.875 [info] [activate] extension path: /home/pracker/.windsurf/extensions/pflannery.vscode-versionlens-1.16.6-universal
2025-04-15 12:09:37.875 [info] [activate] resource folder path: /home/pracker/.config/Windsurf/User/workspaceStorage/74e21c1aaa1a986dcc077b1065da9304
2025-04-15 12:09:37.875 [info] [activate] workspace mode: true
2025-04-15 12:09:37.875 [info] [activate] version: 1.16.6
2025-04-15 12:09:37.875 [info] [activate] log level: info
2025-04-15 12:09:37.875 [info] [activate] log folder: /home/pracker/.config/Windsurf/logs/20250415T120613/window1/exthost
2025-04-15 12:35:41.343 [error] [activate] Code lenses are disabled. This extension won't work unless you enable 'editor.codeLens' in your vscode settings
2025-04-15 12:35:41.346 [info] [activate] extension path: /home/pracker/.windsurf/extensions/pflannery.vscode-versionlens-1.16.6-universal
2025-04-15 12:35:41.346 [info] [activate] resource folder path: /home/pracker/.config/Windsurf/User/workspaceStorage/74e21c1aaa1a986dcc077b1065da9304
2025-04-15 12:35:41.346 [info] [activate] workspace mode: true
2025-04-15 12:35:41.346 [info] [activate] version: 1.16.6
2025-04-15 12:35:41.346 [info] [activate] log level: info
2025-04-15 12:35:41.346 [info] [activate] log folder: /home/pracker/.config/Windsurf/logs/20250415T120613/window1/exthost
