2025-04-15 12:03:04.918 [info] Reading sessions from keychain...
2025-04-15 12:03:04.918 [info] Getting sessions for all scopes...
2025-04-15 12:03:04.918 [info] Got 0 sessions for ...
2025-04-15 12:03:04.918 [info] Getting sessions for all scopes...
2025-04-15 12:03:04.918 [info] Got 0 sessions for ...
2025-04-15 12:03:04.918 [info] Getting sessions for all scopes...
2025-04-15 12:03:04.918 [info] Got 0 sessions for ...
2025-04-15 12:03:04.918 [info] Getting sessions for read:user,repo,user:email...
2025-04-15 12:03:04.918 [info] Got 0 sessions for read:user,repo,user:email...
2025-04-15 12:03:04.918 [info] Getting sessions for read:user,repo,user:email...
2025-04-15 12:03:04.918 [info] Got 0 sessions for read:user,repo,user:email...
2025-04-15 12:04:07.976 [info] Reading sessions from keychain...
2025-04-15 12:04:07.976 [info] Getting sessions for all scopes...
2025-04-15 12:04:07.976 [info] Got 0 sessions for ...
2025-04-15 12:04:07.976 [info] Getting sessions for all scopes...
2025-04-15 12:04:07.976 [info] Got 0 sessions for ...
2025-04-15 12:04:07.976 [info] Getting sessions for read:user,repo,user:email...
2025-04-15 12:04:07.976 [info] Got 0 sessions for read:user,repo,user:email...
2025-04-15 12:05:40.491 [info] Getting sessions for all scopes...
2025-04-15 12:05:40.491 [info] Got 0 sessions for ...
