2025-04-15 12:06:16.124 [info] 2025/04/15 12:06:16 maxprocs: Leaving GOMAXPROCS=12: CPU quota undefined
2025-04-15 12:06:16.214 [info] I0415 12:06:16.214100 23960 main.go:582] Setting GOMAXPROCS to 4
2025-04-15 12:06:16.214 [info] I0415 12:06:16.214246 23960 main.go:797] Starting language server process with pid 23960
2025-04-15 12:06:16.214 [info] I0415 12:06:16.214293 23960 server.go:260] Language server will attempt to listen on host 127.0.0.1
2025-04-15 12:06:16.214 [info] I0415 12:06:16.214387 23960 server.go:267] Language server listening on random port at 45637
2025-04-15 12:06:16.617 [info] I0415 12:06:16.616938 23960 server.go:378] Created extension server client at port 34643
2025-04-15 12:06:16.889 [info] I0415 12:06:16.889279 23960 server.go:887] Local search is enabled, will index local files.
2025-04-15 12:06:16.889 [info] I0415 12:06:16.889299 23960 server.go:891] Using 3 indexer workers
2025-04-15 12:06:16.910 [info] (Windsurf) 2025-04-15 12:06:16.907 [INFO]: Language server started
2025-04-15 12:06:18.207 [info] (Windsurf) 2025-04-15 12:06:18.207 [INFO]: LS lspClient started successfully
2025-04-15 12:09:04.104 [info] (Windsurf) 2025-04-15 12:09:04.103 [INFO]: [Cascade Manager] Opening diff zones for: 
2025-04-15 12:09:39.567 [info] 2025/04/15 12:09:39 maxprocs: Leaving GOMAXPROCS=12: CPU quota undefined
2025-04-15 12:09:39.645 [info] I0415 12:09:39.645574 25846 main.go:582] Setting GOMAXPROCS to 4
2025-04-15 12:09:39.645 [info] I0415 12:09:39.645677 25846 main.go:797] Starting language server process with pid 25846
2025-04-15 12:09:39.645 [info] I0415 12:09:39.645705 25846 server.go:260] Language server will attempt to listen on host 127.0.0.1
2025-04-15 12:09:39.645 [info] I0415 12:09:39.645795 25846 server.go:267] Language server listening on random port at 42335
2025-04-15 12:09:40.049 [info] I0415 12:09:40.049240 25846 server.go:378] Created extension server client at port 36817
2025-04-15 12:09:40.308 [info] I0415 12:09:40.307936 25846 server.go:887] Local search is enabled, will index local files.
2025-04-15 12:09:40.308 [info] I0415 12:09:40.307974 25846 server.go:891] Using 3 indexer workers
2025-04-15 12:09:40.337 [info] (Windsurf) 2025-04-15 12:09:40.333 [INFO]: Language server started
2025-04-15 12:09:41.593 [info] (Windsurf) 2025-04-15 12:09:41.593 [INFO]: LS lspClient started successfully
2025-04-15 12:10:41.749 [info] (Windsurf) 2025-04-15 12:10:41.749 [INFO]: [Cascade Manager] Opening diff zones for: 
2025-04-15 12:19:48.147 [info] (Windsurf) 2025-04-15 12:19:48.147 [INFO]: [Cascade Manager] Opening diff zones for: 
2025-04-15 12:35:39.560 [info] I0415 12:35:39.557620 25846 server.go:1224] Exit requested on language server process 25846
2025-04-15 12:35:39.560 [info] I0415 12:35:39.557716 25846 server.go:1201] Language server shutting down
2025-04-15 12:35:43.278 [info] 2025/04/15 12:35:43 maxprocs: Leaving GOMAXPROCS=12: CPU quota undefined
2025-04-15 12:35:43.357 [info] I0415 12:35:43.356825 31669 main.go:582] Setting GOMAXPROCS to 4
2025-04-15 12:35:43.357 [info] I0415 12:35:43.356926 31669 main.go:797] Starting language server process with pid 31669
2025-04-15 12:35:43.357 [info] I0415 12:35:43.356959 31669 server.go:260] Language server will attempt to listen on host 127.0.0.1
2025-04-15 12:35:43.357 [info] I0415 12:35:43.357033 31669 server.go:267] Language server listening on random port at 43709
2025-04-15 12:35:43.753 [info] I0415 12:35:43.752998 31669 server.go:378] Created extension server client at port 43657
2025-04-15 12:35:44.471 [info] I0415 12:35:44.470953 31669 server.go:887] Local search is enabled, will index local files.
2025-04-15 12:35:44.471 [info] I0415 12:35:44.470976 31669 server.go:891] Using 3 indexer workers
2025-04-15 12:35:44.492 [info] (Windsurf) 2025-04-15 12:35:44.490 [INFO]: Language server started
2025-04-15 12:35:45.826 [info] (Windsurf) 2025-04-15 12:35:45.826 [INFO]: LS lspClient started successfully
