2025-04-15 12:06:14.977 [info] [main] Log level: Info
2025-04-15 12:06:14.977 [info] [main] Validating found git in: "git"
2025-04-15 12:06:14.977 [info] [main] Using git "2.43.0" from "git"
2025-04-15 12:06:14.977 [info] [Model][doInitialScan] Initial repository scan started
2025-04-15 12:06:14.977 [info] > git rev-parse --show-toplevel [1ms]
2025-04-15 12:06:14.977 [info] fatal: not a git repository (or any of the parent directories): .git
2025-04-15 12:06:14.977 [info] > git rev-parse --show-toplevel [1ms]
2025-04-15 12:06:14.977 [info] fatal: not a git repository (or any of the parent directories): .git
2025-04-15 12:06:14.977 [info] [Model][doInitialScan] Initial repository scan completed - repositories (0), closed repositories (0), parent repositories (0), unsafe repositories (0)
2025-04-15 12:06:15.720 [info] > git rev-parse --show-toplevel [0ms]
2025-04-15 12:06:15.720 [info] fatal: not a git repository (or any of the parent directories): .git
2025-04-15 12:06:16.334 [info] > git rev-parse --show-toplevel [0ms]
2025-04-15 12:06:16.334 [info] fatal: not a git repository (or any of the parent directories): .git
2025-04-15 12:07:36.956 [info] > git rev-parse --show-toplevel [4ms]
2025-04-15 12:07:36.956 [info] fatal: not a git repository (or any of the parent directories): .git
2025-04-15 12:08:17.373 [info] > git rev-parse --show-toplevel [3ms]
2025-04-15 12:08:17.373 [info] fatal: not a git repository (or any of the parent directories): .git
2025-04-15 12:09:17.232 [info] > git rev-parse --show-toplevel [1ms]
2025-04-15 12:09:17.232 [info] fatal: not a git repository (or any of the parent directories): .git
2025-04-15 12:09:38.796 [info] [main] Log level: Info
2025-04-15 12:09:38.796 [info] [main] Validating found git in: "git"
2025-04-15 12:09:38.796 [info] [main] Using git "2.43.0" from "git"
2025-04-15 12:09:38.796 [info] [Model][doInitialScan] Initial repository scan started
2025-04-15 12:09:38.796 [info] > git rev-parse --show-toplevel [4ms]
2025-04-15 12:09:38.796 [info] fatal: not a git repository (or any of the parent directories): .git
2025-04-15 12:09:38.811 [info] > git rev-parse --show-toplevel [9ms]
2025-04-15 12:09:38.811 [info] fatal: not a git repository (or any of the parent directories): .git
2025-04-15 12:09:38.813 [info] [Model][doInitialScan] Initial repository scan completed - repositories (0), closed repositories (0), parent repositories (0), unsafe repositories (0)
2025-04-15 12:09:38.903 [info] > git rev-parse --show-toplevel [83ms]
2025-04-15 12:09:38.903 [info] fatal: not a git repository (or any of the parent directories): .git
2025-04-15 12:09:39.192 [info] > git rev-parse --show-toplevel [1ms]
2025-04-15 12:09:39.192 [info] fatal: not a git repository (or any of the parent directories): .git
2025-04-15 12:11:47.789 [info] > git rev-parse --show-toplevel [1ms]
2025-04-15 12:11:47.789 [info] fatal: not a git repository (or any of the parent directories): .git
2025-04-15 12:11:52.862 [info] > git rev-parse --show-toplevel [3ms]
2025-04-15 12:11:52.862 [info] fatal: not a git repository (or any of the parent directories): .git
2025-04-15 12:11:54.988 [info] > git rev-parse --show-toplevel [2ms]
2025-04-15 12:11:54.988 [info] fatal: not a git repository (or any of the parent directories): .git
2025-04-15 12:14:36.263 [info] > git rev-parse --show-toplevel [1ms]
2025-04-15 12:14:36.263 [info] fatal: not a git repository (or any of the parent directories): .git
2025-04-15 12:14:44.593 [info] > git rev-parse --show-toplevel [3ms]
2025-04-15 12:14:44.593 [info] fatal: not a git repository (or any of the parent directories): .git
2025-04-15 12:15:16.384 [info] > git rev-parse --show-toplevel [1ms]
2025-04-15 12:15:16.384 [info] fatal: not a git repository (or any of the parent directories): .git
2025-04-15 12:15:19.677 [info] > git rev-parse --show-toplevel [2ms]
2025-04-15 12:15:19.677 [info] fatal: not a git repository (or any of the parent directories): .git
2025-04-15 12:18:40.091 [info] > git rev-parse --show-toplevel [11ms]
2025-04-15 12:18:40.091 [info] fatal: not a git repository (or any of the parent directories): .git
2025-04-15 12:18:43.582 [info] > git rev-parse --show-toplevel [10ms]
2025-04-15 12:18:43.582 [info] fatal: not a git repository (or any of the parent directories): .git
2025-04-15 12:18:45.227 [info] > git rev-parse --show-toplevel [2ms]
2025-04-15 12:18:45.227 [info] fatal: not a git repository (or any of the parent directories): .git
2025-04-15 12:35:42.064 [info] [main] Log level: Info
2025-04-15 12:35:42.064 [info] [main] Validating found git in: "git"
2025-04-15 12:35:42.064 [info] [main] Using git "2.43.0" from "git"
2025-04-15 12:35:42.064 [info] [Model][doInitialScan] Initial repository scan started
2025-04-15 12:35:42.064 [info] > git rev-parse --show-toplevel [4ms]
2025-04-15 12:35:42.064 [info] fatal: not a git repository (or any of the parent directories): .git
2025-04-15 12:35:42.355 [info] > git rev-parse --show-toplevel [285ms]
2025-04-15 12:35:42.355 [info] fatal: not a git repository (or any of the parent directories): .git
2025-04-15 12:35:42.357 [info] [Model][doInitialScan] Initial repository scan completed - repositories (0), closed repositories (0), parent repositories (0), unsafe repositories (0)
2025-04-15 12:35:42.459 [info] > git rev-parse --show-toplevel [89ms]
2025-04-15 12:35:42.459 [info] fatal: not a git repository (or any of the parent directories): .git
2025-04-15 12:35:42.636 [info] > git rev-parse --show-toplevel [1ms]
2025-04-15 12:35:42.636 [info] fatal: not a git repository (or any of the parent directories): .git
