2025-04-15 12:06:18.284 [info] Reading sessions from keychain...
2025-04-15 12:06:18.284 [info] Getting sessions for all scopes...
2025-04-15 12:06:18.284 [info] Got 0 sessions for ...
2025-04-15 12:06:18.284 [info] Getting sessions for all scopes...
2025-04-15 12:06:18.284 [info] Got 0 sessions for ...
2025-04-15 12:06:18.284 [info] Getting sessions for read:user,repo,user:email...
2025-04-15 12:06:18.284 [info] Got 0 sessions for read:user,repo,user:email...
2025-04-15 12:09:41.866 [info] Reading sessions from keychain...
2025-04-15 12:09:41.866 [info] Getting sessions for all scopes...
2025-04-15 12:09:41.866 [info] Got 0 sessions for ...
2025-04-15 12:09:41.866 [info] Getting sessions for all scopes...
2025-04-15 12:09:41.866 [info] Got 0 sessions for ...
2025-04-15 12:09:41.866 [info] Getting sessions for read:user,repo,user:email...
2025-04-15 12:09:41.866 [info] Got 0 sessions for read:user,repo,user:email...
2025-04-15 12:35:12.850 [info] Getting sessions for all scopes...
2025-04-15 12:35:12.850 [info] Got 0 sessions for ...
2025-04-15 12:35:14.861 [info] Getting sessions for all scopes...
2025-04-15 12:35:14.861 [info] Got 0 sessions for ...
2025-04-15 12:35:46.002 [info] Reading sessions from keychain...
2025-04-15 12:35:46.002 [info] Getting sessions for all scopes...
2025-04-15 12:35:46.002 [info] Got 0 sessions for ...
2025-04-15 12:35:46.002 [info] Getting sessions for all scopes...
2025-04-15 12:35:46.002 [info] Got 0 sessions for ...
2025-04-15 12:35:46.002 [info] Getting sessions for read:user,repo,user:email...
2025-04-15 12:35:46.002 [info] Got 0 sessions for read:user,repo,user:email...
