2025-04-15 12:02:55.557 [info] Added views:windsurf.cascadePanel in windsurf.cascadeViewContainerId
2025-04-15 12:02:55.557 [info] Added views:outline in workbench.view.explorer
2025-04-15 12:02:55.557 [info] Added views:workbench.view.search in workbench.view.search
2025-04-15 12:02:55.557 [info] Added views:workbench.scm in workbench.view.scm
2025-04-15 12:02:55.557 [info] Added views:workbench.panel.markers.view in workbench.panel.markers
2025-04-15 12:02:55.557 [info] Added views:workbench.panel.output in workbench.panel.output
2025-04-15 12:02:55.557 [info] Added views:terminal in terminal
2025-04-15 12:02:55.557 [info] Added views:timeline in workbench.view.explorer
2025-04-15 12:02:55.557 [info] Added views:workbench.explorer.fileView in workbench.view.explorer
2025-04-15 12:02:55.802 [info] Added views:workbench.debug.variablesView,workbench.debug.watchExpressionsView,workbench.debug.callStackView,workbench.debug.breakPointsView in workbench.view.debug
2025-04-15 12:02:56.179 [info] Added views:windsurfDevContainers in workbench.view.remote
2025-04-15 12:02:56.180 [info] Added views:windsurfSSHHosts in workbench.view.remote
2025-04-15 12:02:56.184 [info] Added views:gitlens.views.scm.grouped in workbench.view.scm
2025-04-15 12:02:56.188 [info] Added views:gitlens.views.commitDetails,gitlens.views.lineHistory,gitlens.views.fileHistory,gitlens.views.searchAndCompare in workbench.view.extension.gitlensInspect
2025-04-15 12:02:56.191 [info] Added views:gitlens.views.home,gitlens.views.launchpad,gitlens.views.workspaces in workbench.view.extension.gitlens
2025-04-15 12:02:56.244 [info] Added views:~remote.forwardedPorts in ~remote.forwardedPortsContainer
2025-04-15 12:02:56.585 [info] Added views:workbench.panel.repl.view in workbench.panel.repl
2025-04-15 12:02:56.588 [info] Removed views:workbench.debug.breakPointsView,workbench.debug.callStackView,workbench.debug.watchExpressionsView,workbench.debug.variablesView from workbench.view.debug
2025-04-15 12:02:56.588 [info] Added views:workbench.debug.welcome in workbench.view.debug
2025-04-15 12:03:03.226 [info] Removed views:gitlens.views.workspaces from workbench.view.extension.gitlens
2025-04-15 12:03:03.232 [info] Removed views:gitlens.views.searchAndCompare,gitlens.views.fileHistory,gitlens.views.lineHistory,gitlens.views.commitDetails from workbench.view.extension.gitlensInspect
2025-04-15 12:03:03.233 [info] Removed views:gitlens.views.scm.grouped from workbench.view.scm
2025-04-15 12:03:03.663 [info] Added views:todo-tree-view in workbench.view.extension.todo-tree-container
2025-04-15 12:03:03.668 [info] Added views:SonarLint.IssueLocations in workbench.view.explorer
2025-04-15 12:03:03.673 [info] Added views:SonarLint.AllRules,SonarLint.ConnectedMode,SonarLint.SecurityHotspots,SonarLint.HelpAndFeedback in workbench.view.extension.SonarLint
2025-04-15 12:03:03.801 [info] Added views:gitlens.views.drafts,gitlens.views.workspaces in workbench.view.extension.gitlens
2025-04-15 12:03:04.814 [info] Added views:angular-schematics in workbench.view.extension.angular
2025-04-15 12:04:03.812 [info] Added views:workbench.views.extensions.installed,workbench.views.extensions.popular,extensions.recommendedList in workbench.view.extensions
2025-04-15 12:04:03.814 [info] Removed views:workbench.views.extensions.popular from workbench.view.extensions
2025-04-15 12:04:06.885 [info] Removed views:workbench.panel.repl.view from workbench.panel.repl
2025-04-15 12:04:07.145 [info] Added views:workbench.panel.repl.view in workbench.panel.repl
